<?xml version="1.0" encoding="UTF-8"?>
<TestRun id="f6d952ab-04d7-49c6-b68a-244b022970d6" name="byron wall@BYRON 2008-03-27 10:38:58" runUser="BYRON\byron wall" xmlns="http://microsoft.com/schemas/VisualStudio/TeamTest/2006">
  <TestRunConfiguration name="Local Test Run" id="1a714541-e910-4986-87d3-00befad1e041">
    <Description>This is a default test run configuration for a local test run.</Description>
    <Deployment userDeploymentRoot="F:\My Documents\Visual Studio 2008\Projects\LastFM\TestResults" useDefaultDeploymentRoot="false" runDeploymentRoot="F:\My Documents\Visual Studio 2008\Projects\LastFM\TestResults\byron wall_BYRON 2008-03-27 10_38_58">
      <DeploymentItem filename="F:\My Documents\Visual Studio 2008\Projects\LastFM\LastFM\obj\Debug\Interop.iTunesLib.dll" />
      <DeploymentItem filename="F:\My Documents\Visual Studio 2008\Projects\LastFM\LastFM\bin\Debug\LastFM.exe" />
    </Deployment>
    <TestTypeSpecific />
  </TestRunConfiguration>
  <ResultSummary outcome="Error">
    <Counters total="1" executed="1" error="0" failed="0" timeout="0" aborted="1" inconclusive="0" passedButRunAborted="0" notRunnable="0" notExecuted="0" disconnected="0" warning="0" passed="0" completed="0" inProgress="0" pending="0" />
    <RunInfos>
      <RunInfo computerName="BYRON" outcome="Error" timestamp="2008-03-27T10:39:37.1093750-04:00">
        <Text>Test host process exited unexpectedly.</Text>
      </RunInfo>
    </RunInfos>
  </ResultSummary>
  <Times creation="2008-03-27T10:38:58.9687500-04:00" queuing="2008-03-27T10:39:01.4687500-04:00" start="2008-03-27T10:39:02.1093750-04:00" finish="2008-03-27T10:39:37.1093750-04:00" />
  <TestDefinitions>
    <UnitTest name="UpdateDBTest" storage="f:\my documents\visual studio 2008\projects\lastfm\lastfmunittesting\bin\debug\lastfmunittesting.dll" id="15629901-8a29-c5eb-dec0-bbf01d66ddf6">
      <Css projectStructure="" iteration="" />
      <Owners>
        <Owner name="" />
      </Owners>
      <Execution id="f983d11c-2e52-4f8b-9181-5b2e6377f064" />
      <TestMethod codeBase="F:\My Documents\Visual Studio 2008\Projects\LastFM\LastFMUnitTesting\bin\Debug\LastFMUnitTesting.dll" adapterTypeName="Microsoft.VisualStudio.TestTools.TestTypes.Unit.UnitTestAdapter, Microsoft.VisualStudio.QualityTools.Tips.UnitTest.Adapter, Version=9.0.0.0, Culture=neutral, PublicKeyToken=b03f5f7f11d50a3a" className="LastFMUnitTesting.DatabaseTest, LastFMUnitTesting" name="UpdateDBTest" />
    </UnitTest>
  </TestDefinitions>
  <TestLists>
    <TestList name="Results Not in a List" id="8c84fa94-04c1-424b-9868-57a2d4851a1d" />
    <TestList name="All Loaded Results" id="19431567-8539-422a-85d7-44ee4e166bda" />
  </TestLists>
  <TestEntries>
    <TestEntry testId="15629901-8a29-c5eb-dec0-bbf01d66ddf6" executionId="12cb130f-6aeb-4992-b236-5fae3d6c2631" testListId="8c84fa94-04c1-424b-9868-57a2d4851a1d" />
  </TestEntries>
  <Results>
    <UnitTestResult executionId="12cb130f-6aeb-4992-b236-5fae3d6c2631" testId="15629901-8a29-c5eb-dec0-bbf01d66ddf6" testName="UpdateDBTest" computerName="BYRON" duration="00:00:34.6406250" startTime="2008-03-27T10:39:02.4687500-04:00" endTime="2008-03-27T10:39:37.1093750-04:00" testType="13cdc9d9-ddb5-4fa4-a97d-d965ccfc6d4b" outcome="Aborted" testListId="8c84fa94-04c1-424b-9868-57a2d4851a1d">
    </UnitTestResult>
  </Results>
</TestRun>